ALL-US	clinical	472	472	OK
ALL-US	sample	631	631	OK
ALL-US	exp	3745873	3745873	OK
